[    0.000000] Linux version 4.9.337+ (alberto@alberto-G3-3500) (gcc version 13.3.0 (Ubuntu 13.3.0-6ubuntu2~24.04) ) #22 SMP Wed May 28 19:47:03 -03 2025
[    0.000000] x86/fpu: Supporting XSAVE feature 0x001: 'x87 floating point registers'
[    0.000000] x86/fpu: Supporting XSAVE feature 0x002: 'SSE registers'
[    0.000000] x86/fpu: Supporting XSAVE feature 0x004: 'AVX registers'
[    0.000000] x86/fpu: Supporting XSAVE feature 0x008: 'MPX bounds registers'
[    0.000000] x86/fpu: Supporting XSAVE feature 0x010: 'MPX CSR'
[    0.000000] x86/fpu: Supporting XSAVE feature 0x020: 'AVX-512 opmask'
[    0.000000] x86/fpu: Supporting XSAVE feature 0x040: 'AVX-512 Hi256'
[    0.000000] x86/fpu: Supporting XSAVE feature 0x080: 'AVX-512 ZMM_Hi256'
[    0.000000] x86/fpu: Supporting XSAVE feature 0x200: 'Protection Keys User registers'
[    0.000000] x86/fpu: xstate_offset[2]:  576, xstate_sizes[2]:  256
[    0.000000] x86/fpu: xstate_offset[3]:  832, xstate_sizes[3]:   64
[    0.000000] x86/fpu: xstate_offset[4]:  896, xstate_sizes[4]:   64
[    0.000000] x86/fpu: xstate_offset[5]:  960, xstate_sizes[5]:   64
[    0.000000] x86/fpu: xstate_offset[6]: 1024, xstate_sizes[6]:  512
[    0.000000] x86/fpu: xstate_offset[7]: 1536, xstate_sizes[7]: 1024
[    0.000000] x86/fpu: xstate_offset[9]: 2560, xstate_sizes[9]:    8
[    0.000000] x86/fpu: Enabled xstate features 0x2ff, context size is 2568 bytes, using 'compacted' format.
[    0.000000] e820: BIOS-provided physical RAM map:
[    0.000000] BIOS-e820: [mem 0x0000000000000000-0x00000000000997ff] usable
[    0.000000] BIOS-e820: [mem 0x0000000000099800-0x000000000009ffff] reserved
[    0.000000] BIOS-e820: [mem 0x00000000000e0000-0x00000000000fffff] reserved
[    0.000000] BIOS-e820: [mem 0x0000000000100000-0x0000000069722fff] usable
[    0.000000] BIOS-e820: [mem 0x0000000069723000-0x000000006bfabfff] reserved
[    0.000000] BIOS-e820: [mem 0x000000006bfac000-0x000000006c29cfff] usable
[    0.000000] BIOS-e820: [mem 0x000000006c29d000-0x000000006cb70fff] ACPI NVS
[    0.000000] BIOS-e820: [mem 0x000000006cb71000-0x000000006ed10fff] reserved
[    0.000000] BIOS-e820: [mem 0x000000006ed11000-0x000000006fffffff] usable
[    0.000000] BIOS-e820: [mem 0x0000000070000000-0x000000008fffffff] reserved
[    0.000000] BIOS-e820: [mem 0x00000000fd000000-0x00000000fe7fffff] reserved
[    0.000000] BIOS-e820: [mem 0x00000000fed20000-0x00000000fed44fff] reserved
[    0.000000] BIOS-e820: [mem 0x00000000ff000000-0x00000000ffffffff] reserved
[    0.000000] BIOS-e820: [mem 0x0000000100000000-0x000000087fffffff] usable
[    0.000000] Notice: NX (Execute Disable) protection cannot be enabled: non-PAE kernel!
[    0.000000] SMBIOS 2.8 present.
[    0.000000] e820: last_pfn = 0x70000 max_arch_pfn = 0x100000
[    0.000000] x86/PAT: Configuration [0-7]: WB  WC  UC- UC  WB  WC  UC- WT  
[    0.000000] Scanning 1 areas for low memory corruption
[    0.000000] RAMDISK: [mem 0x367f7000-0x373f2fff]
[    0.000000] 904MB HIGHMEM available.
[    0.000000] 887MB LOWMEM available.
[    0.000000]   mapped low ram: 0 - 377fe000
[    0.000000]   low ram: 0 - 377fe000
[    0.000000] Zone ranges:
[    0.000000]   DMA      [mem 0x0000000000001000-0x0000000000ffffff]
[    0.000000]   Normal   [mem 0x0000000001000000-0x00000000377fdfff]
[    0.000000]   HighMem  [mem 0x00000000377fe000-0x000000006fffffff]
[    0.000000] Movable zone start for each node
[    0.000000] Early memory node ranges
[    0.000000]   node   0: [mem 0x0000000000001000-0x0000000000098fff]
[    0.000000]   node   0: [mem 0x0000000000100000-0x0000000069722fff]
[    0.000000]   node   0: [mem 0x000000006bfac000-0x000000006c29cfff]
[    0.000000]   node   0: [mem 0x000000006ed11000-0x000000006fffffff]
[    0.000000] Initmem setup node 0 [mem 0x0000000000001000-0x000000006fffffff]
[    0.000000] Using APIC driver default
[    0.000000] Found and enabled local APIC!
[    0.000000] smpboot: Boot CPU (id 0) not listed by BIOS
[    0.000000] smpboot: Allowing 1 CPUs, 0 hotplug CPUs
[    0.000000] e820: [mem 0x90000000-0xfcffffff] available for PCI devices
[    0.000000] clocksource: refined-jiffies: mask: 0xffffffff max_cycles: 0xffffffff, max_idle_ns: 19112604462750000 ns
[    0.000000] setup_percpu: NR_CPUS:4 nr_cpumask_bits:4 nr_cpu_ids:1 nr_node_ids:1
[    0.000000] percpu: Embedded 18 pages/cpu s41800 r0 d31928 u73728
[    0.000000] Built 1 zonelists in Zone order, mobility grouping on.  Total pages: 435627
[    0.000000] Kernel command line: BOOT_IMAGE=/boot/bzImage console=ttyS1,115200n0
[    0.000000] PID hash table entries: 4096 (order: 2, 16384 bytes)
[    0.000000] Dentry cache hash table entries: 131072 (order: 7, 524288 bytes)
[    0.000000] Inode-cache hash table entries: 65536 (order: 6, 262144 bytes)
[    0.000000] Initializing CPU#0
[    0.000000] Initializing HighMem for node 0 (000377fe:00070000)
[    0.000000] Initializing Movable for node 0 (00000000:00000000)
[    0.000000] Memory: 1707356K/1749612K available (6522K kernel code, 372K rwdata, 2172K rodata, 4964K init, 576K bss, 42256K reserved, 0K cma-reserved, 840724K highmem)
[    0.000000] virtual kernel memory layout:
[    0.000000]     fixmap  : 0xfff67000 - 0xfffff000   ( 608 kB)
[    0.000000]     pkmap   : 0xff800000 - 0xffc00000   (4096 kB)
[    0.000000]     vmalloc : 0xf7ffe000 - 0xff7fe000   ( 120 MB)
[    0.000000]     lowmem  : 0xc0000000 - 0xf77fe000   ( 887 MB)
[    0.000000]       .init : 0xc18df000 - 0xc1db8000   (4964 kB)
[    0.000000]       .data : 0xc165eef4 - 0xc18dd0c0   (2552 kB)
[    0.000000]       .text : 0xc1000000 - 0xc165eef4   (6523 kB)
[    0.000000] Checking if this processor honours the WP bit even in supervisor mode...Ok.
[    0.000000] SLUB: HWalign=64, Order=0-3, MinObjects=0, CPUs=1, Nodes=1
[    0.000000] Hierarchical RCU implementation.
[    0.000000]  Build-time adjustment of leaf fanout to 32.
[    0.000000]  RCU restricting CPUs from NR_CPUS=4 to nr_cpu_ids=1.
[    0.000000] RCU: Adjusting geometry for rcu_fanout_leaf=32, nr_cpu_ids=1
[    0.000000] NR_IRQS:2304 nr_irqs:32 16
[    0.000000] random: crng init done
[    0.000000] Console: colour VGA+ 80x25
[    0.000000] console [ttyS1] enabled
[    0.000000] tsc: Detected 2200.000 MHz processor
[    0.000001] Calibrating delay loop (skipped), value calculated using timer frequency.. 4400.00 BogoMIPS (lpj=22000000)
[    0.010694] pid_max: default: 32768 minimum: 301
[    0.015313] Security Framework initialized
[    0.019418] Mount-cache hash table entries: 2048 (order: 1, 8192 bytes)
[    0.026030] Mountpoint-cache hash table entries: 2048 (order: 1, 8192 bytes)
[    0.033242] ENERGY_PERF_BIAS: Set to 'normal', was 'performance'
[    0.039239] ENERGY_PERF_BIAS: View and update with x86_energy_perf_policy(8)
[    0.046282] process: using mwait in idle threads
[    0.050893] Last level iTLB entries: 4KB 64, 2MB 8, 4MB 8
[    0.056292] Last level dTLB entries: 4KB 64, 2MB 0, 4MB 0, 1GB 4
[    0.062280] Spectre V1 : Mitigation: usercopy/swapgs barriers and __user pointer sanitization
[    0.070791] Spectre V2 : Mitigation: Retpolines
[    0.075319] Spectre V2 : Spectre v2 / SpectreRSB mitigation: Filling RSB on context switch
[    0.083555] Spectre V2 : Enabling Restricted Speculation for firmware calls
[    0.090503] Spectre V2 : mitigation: Enabling conditional Indirect Branch Prediction Barrier
[    0.098925] Spectre V2 : User space: Mitigation: STIBP via seccomp and prctl
[    0.105962] Speculative Store Bypass: Mitigation: Speculative Store Bypass disabled via prctl and seccomp
[    0.115509] L1TF: Kernel not compiled for PAE. No mitigation for L1TF
[    0.121932] MDS: Mitigation: Clear CPU buffers
[    0.126376] TAA: Mitigation: Clear CPU buffers
[    0.130808] MMIO Stale Data: Mitigation: Clear CPU buffers
[    0.141348] Freeing SMP alternatives memory: 24K
[    0.146004] smpboot: Max logical packages: 1
[    0.150263] smpboot: SMP motherboard not detected
[    0.154958] smpboot: SMP disabled
[    0.158283] Enabling APIC mode:  Flat.  Using 0 I/O APICs
[    0.163729] Performance Events: PEBS fmt3+, Skylake events, 32-deep LBR, full-width counters, Intel PMU driver.
[    0.173940] ... version:                4
[    0.177938] ... bit width:              48
[    0.182028] ... generic registers:      4
[    0.186033] ... value mask:             0000ffffffffffff
[    0.191333] ... max period:             00007fffffffffff
[    0.196635] ... fixed-purpose events:   3
[    0.200634] ... event mask:             000000070000000f
[    0.206010] x86: Booted up 1 node, 1 CPUs
[    0.210011] smpboot: Total of 1 processors activated (4400.00 BogoMIPS)
[    0.216778] devtmpfs: initialized
[    0.220341] clocksource: jiffies: mask: 0xffffffff max_cycles: 0xffffffff, max_idle_ns: 19112604462750000 ns
[    0.230164] kworker/u2:0 (15) used greatest stack depth: 7412 bytes left
[    0.236850] futex hash table entries: 256 (order: 1, 8192 bytes)
[    0.242947] NET: Registered protocol family 16
[    0.247617] cpuidle: using governor ladder
[    0.251711] cpuidle: using governor menu
[    0.255962] PCI: PCI BIOS revision 3.00 entry at 0xe8487, last bus=181
[    0.262475] PCI: Using configuration type 1 for base access
[    0.268113] kworker/u2:1 (29) used greatest stack depth: 7012 bytes left
[    0.280130] HugeTLB registered 4 MB page size, pre-allocated 0 pages
[    0.286564] vgaarb: loaded
[    0.289378] SCSI subsystem initialized
[    0.293193] usbcore: registered new interface driver usbfs
[    0.298672] usbcore: registered new interface driver hub
[    0.304346] usbcore: registered new device driver usb
[    0.309403] pps_core: LinuxPPS API ver. 1 registered
[    0.314356] pps_core: Software ver. 5.3.6 - Copyright 2005-2007 Rodolfo Giometti <giometti@linux.it>
[    0.323533] PTP clock support registered
[    0.327501] PCI: Probing PCI hardware
[    0.331208] PCI host bridge to bus 0000:00
[    0.335296] pci_bus 0000:00: root bus resource [io  0x0000-0xffff]
[    0.341480] pci_bus 0000:00: root bus resource [mem 0x00000000-0xffffffff]
[    0.348331] pci_bus 0000:00: No busn resource found for root bus, will use [bus 00-ff]
[    0.356366] pci 0000:00:04.0: reg 0x10: can't handle BAR above 4GB (bus address 0x383ffff1c000)
[    0.365187] pci 0000:00:04.1: reg 0x10: can't handle BAR above 4GB (bus address 0x383ffff18000)
[    0.373996] pci 0000:00:04.2: reg 0x10: can't handle BAR above 4GB (bus address 0x383ffff14000)
[    0.382809] pci 0000:00:04.3: reg 0x10: can't handle BAR above 4GB (bus address 0x383ffff10000)
[    0.391618] pci 0000:00:04.4: reg 0x10: can't handle BAR above 4GB (bus address 0x383ffff0c000)
[    0.400432] pci 0000:00:04.5: reg 0x10: can't handle BAR above 4GB (bus address 0x383ffff08000)
[    0.409249] pci 0000:00:04.6: reg 0x10: can't handle BAR above 4GB (bus address 0x383ffff04000)
[    0.418063] pci 0000:00:04.7: reg 0x10: can't handle BAR above 4GB (bus address 0x383ffff00000)
[    0.427429] pci 0000:00:11.0: device has non-compliant BARs; disabling IO/MEM decoding
[    0.435838] pci 0000:00:14.2: reg 0x10: can't handle BAR above 4GB (bus address 0x383ffff23000)
[    0.444717] pci 0000:00:16.0: reg 0x10: can't handle BAR above 4GB (bus address 0x383ffff22000)
[    0.453602] pci 0000:00:16.1: reg 0x10: can't handle BAR above 4GB (bus address 0x383ffff21000)
[    0.462492] pci 0000:00:16.4: reg 0x10: can't handle BAR above 4GB (bus address 0x383ffff20000)
[    0.472450] pci 0000:00:1c.0: PCI bridge to [bus 01]
[    0.502304] pci 0000:00:1c.4: PCI bridge to [bus 02-03]
[    0.507805] vgaarb: setting as boot device: PCI:0000:03:00.0
[    0.513450] vgaarb: device added: PCI:0000:03:00.0,decodes=io+mem,owns=io+mem,locks=none
[    0.521587] pci 0000:02:00.0: PCI bridge to [bus 03]
[    0.527268] PCI: Discovered peer bus 16
[    0.531125] PCI host bridge to bus 0000:16
[    0.535217] pci_bus 0000:16: root bus resource [io  0x0000-0xffff]
[    0.541375] pci_bus 0000:16: root bus resource [mem 0x00000000-0xffffffff]
[    0.548237] pci_bus 0000:16: No busn resource found for root bus, will use [bus 16-ff]
[    0.588363] pci 0000:16:00.0: PCI bridge to [bus 17]
[    0.594327] PCI: Discovered peer bus 64
[    0.598174] PCI host bridge to bus 0000:64
[    0.602274] pci_bus 0000:64: root bus resource [io  0x0000-0xffff]
[    0.608436] pci_bus 0000:64: root bus resource [mem 0x00000000-0xffffffff]
[    0.615305] pci_bus 0000:64: No busn resource found for root bus, will use [bus 64-ff]
[    0.626776] PCI: Discovered peer bus b2
[    0.630761] PCI host bridge to bus 0000:b2
[    0.634850] pci_bus 0000:b2: root bus resource [io  0x0000-0xffff]
[    0.641021] pci_bus 0000:b2: root bus resource [mem 0x00000000-0xffffffff]
[    0.647873] pci_bus 0000:b2: No busn resource found for root bus, will use [bus b2-ff]
[    0.656903] pci 0000:b2:00.0: PCI bridge to [bus b3-b5]
[    0.662375] pci 0000:b3:00.0: PCI bridge to [bus b4-b5]
[    0.668072] pci 0000:b4:03.0: PCI bridge to [bus b5]
[    0.673106] pci 0000:00:1f.0: PIIX/ICH IRQ router [8086:a1c8]
[    0.679232] NET: Registered protocol family 8
[    0.683581] NET: Registered protocol family 20
[    0.688019] NetLabel: Initializing
[    0.691418] NetLabel:  domain hash size = 128
[    0.695764] NetLabel:  protocols = UNLABELED CIPSOv4
[    0.700768] NetLabel:  unlabeled traffic allowed by default
[    0.706441] clocksource: Switched to clocksource refined-jiffies
[    0.712448] VFS: Disk quotas dquot_6.6.0
[    0.716397] VFS: Dquot-cache hash table entries: 1024 (order 0, 4096 bytes)
[    0.724609] pci 0000:00:04.0: BAR 0: assigned [mem 0x90000000-0x90003fff 64bit]
[    0.731915] pci 0000:00:04.1: BAR 0: assigned [mem 0x90004000-0x90007fff 64bit]
[    0.739215] pci 0000:00:04.2: BAR 0: assigned [mem 0x90008000-0x9000bfff 64bit]
[    0.746515] pci 0000:00:04.3: BAR 0: assigned [mem 0x9000c000-0x9000ffff 64bit]
[    0.753818] pci 0000:00:04.4: BAR 0: assigned [mem 0x90010000-0x90013fff 64bit]
[    0.761118] pci 0000:00:04.5: BAR 0: assigned [mem 0x90014000-0x90017fff 64bit]
[    0.768412] pci 0000:00:04.6: BAR 0: assigned [mem 0x90018000-0x9001bfff 64bit]
[    0.775713] pci 0000:00:04.7: BAR 0: assigned [mem 0x9001c000-0x9001ffff 64bit]
[    0.783016] pci 0000:00:14.2: BAR 0: assigned [mem 0x90020000-0x90020fff 64bit]
[    0.790319] pci 0000:00:16.0: BAR 0: assigned [mem 0x90021000-0x90021fff 64bit]
[    0.797627] pci 0000:00:16.1: BAR 0: assigned [mem 0x90022000-0x90022fff 64bit]
[    0.804934] pci 0000:00:16.4: BAR 0: assigned [mem 0x90023000-0x90023fff 64bit]
[    0.812239] pci 0000:00:1c.0: PCI bridge to [bus 01]
[    0.817218] pci 0000:02:00.0: PCI bridge to [bus 03]
[    0.822174] pci 0000:02:00.0:   bridge window [io  0x2000-0x2fff]
[    0.828261] pci 0000:02:00.0:   bridge window [mem 0xa9000000-0xaa0fffff]
[    0.835049] pci 0000:00:1c.4: PCI bridge to [bus 02-03]
[    0.840261] pci 0000:00:1c.4:   bridge window [io  0x2000-0x2fff]
[    0.846348] pci 0000:00:1c.4:   bridge window [mem 0xa9000000-0xaa0fffff]
[    0.853154] pci 0000:16:00.0: PCI bridge to [bus 17]
[    0.858107] pci 0000:16:00.0:   bridge window [io  0x7000-0x7fff]
[    0.864195] pci 0000:16:00.0:   bridge window [mem 0xc5800000-0xc5efffff]
[    0.871017] pci 0000:b4:03.0: PCI bridge to [bus b5]
[    0.875979] pci 0000:b4:03.0:   bridge window [mem 0xfbd00000-0xfbdfffff]
[    0.882752] pci 0000:b4:03.0:   bridge window [mem 0xf9000000-0xfb0fffff 64bit pref]
[    0.890482] pci 0000:b3:00.0: PCI bridge to [bus b4-b5]
[    0.895697] pci 0000:b3:00.0:   bridge window [mem 0xfbd00000-0xfbdfffff]
[    0.902476] pci 0000:b3:00.0:   bridge window [mem 0xf9000000-0xfb0fffff 64bit pref]
[    0.910210] pci 0000:b2:00.0: PCI bridge to [bus b3-b5]
[    0.915430] pci 0000:b2:00.0:   bridge window [mem 0xfbc00000-0xfbefffff]
[    0.922204] pci 0000:b2:00.0:   bridge window [mem 0xf9000000-0xfb0fffff 64bit pref]
[    0.930430] NET: Registered protocol family 2
[    0.934811] IP idents hash table entries: 16384 (order: 5, 131072 bytes)
[    0.941741] TCP established hash table entries: 8192 (order: 3, 32768 bytes)
[    0.948780] TCP bind hash table entries: 8192 (order: 4, 65536 bytes)
[    0.955221] TCP: Hash tables configured (established 8192 bind 8192)
[    0.961574] UDP hash table entries: 512 (order: 2, 16384 bytes)
[    0.967488] UDP-Lite hash table entries: 512 (order: 2, 16384 bytes)
[    0.973918] NET: Registered protocol family 1
[    0.978304] RPC: Registered named UNIX socket transport module.
[    0.984210] RPC: Registered udp transport module.
[    0.988909] RPC: Registered tcp transport module.
[    0.993601] RPC: Registered tcp NFSv4.1 backchannel transport module.
[    1.000064] pci 0000:00:14.0: assigned PCI INT A -> IRQ 11
[    1.005535] pci 0000:00:14.0: sharing IRQ 11 with 0000:00:04.0
[    1.011354] pci 0000:00:14.0: sharing IRQ 11 with 0000:00:04.4
[    1.017177] pci 0000:00:14.0: sharing IRQ 11 with 0000:00:11.5
[    1.023002] pci 0000:00:14.0: sharing IRQ 11 with 0000:00:16.0
[    1.028820] pci 0000:00:14.0: sharing IRQ 11 with 0000:00:16.1
[    1.034638] pci 0000:00:14.0: sharing IRQ 11 with 0000:00:16.4
[    1.040454] pci 0000:00:14.0: sharing IRQ 11 with 0000:00:17.0
[    1.046275] pci 0000:00:14.0: sharing IRQ 11 with 0000:00:1c.0
[    1.052094] pci 0000:00:14.0: sharing IRQ 11 with 0000:00:1c.4
[    1.057918] pci 0000:00:14.0: sharing IRQ 11 with 0000:02:00.0
[    1.063739] pci 0000:00:14.0: sharing IRQ 11 with 0000:03:00.0
[    1.069560] pci 0000:00:14.0: sharing IRQ 11 with 0000:16:00.0
[    1.075406] pci 0000:00:14.0: sharing IRQ 11 with 0000:17:00.0
[    1.081242] pci 0000:00:14.0: sharing IRQ 11 with 0000:b2:00.0
[    1.087064] pci 0000:00:14.0: sharing IRQ 11 with 0000:b3:00.0
[    1.092877] pci 0000:00:14.0: sharing IRQ 11 with 0000:b4:03.0
[    1.098698] pci 0000:00:14.0: sharing IRQ 11 with 0000:b5:00.0
[    1.104517] pci 0000:00:14.0: sharing IRQ 11 with 0000:b5:00.1
[    1.125075] pci 0000:03:00.0: Video device with shadowed ROM at [mem 0x000c0000-0x000dffff]
[    1.242601] Unpacking initramfs...
[    1.256095] Freeing initrd memory: 12272K
[    1.260267] Intel CQM monitoring enabled
[    1.264184] Intel MBM enabled
[    1.267303] platform rtc_cmos: registered platform RTC device (no PNP device found)
[    1.275035] Scanning for low memory corruption every 60 seconds
[    1.281471] workingset: timestamp_bits=30 max_order=19 bucket_order=0
[    1.289853] squashfs: version 4.0 (2009/01/31) Phillip Lougher
[    1.296349] NFS: Registering the id_resolver key type
[    1.301398] Key type id_resolver registered
[    1.305576] Key type id_legacy registered
[    1.310277] bounce: pool size: 64 pages
[    1.314149] Block layer SCSI generic (bsg) driver version 0.4 loaded (major 250)
[    1.321531] io scheduler noop registered
[    1.325443] io scheduler deadline registered
[    1.329794] io scheduler cfq registered (default)
[    1.334736] pcieport 0000:00:1c.0: assigned PCI INT A -> IRQ 11
[    1.340645] pcieport 0000:00:1c.0: sharing IRQ 11 with 0000:00:04.0
[    1.346901] pcieport 0000:00:1c.0: sharing IRQ 11 with 0000:00:04.4
[    1.353162] pcieport 0000:00:1c.0: sharing IRQ 11 with 0000:00:11.5
[    1.359421] pcieport 0000:00:1c.0: sharing IRQ 11 with 0000:00:14.0
[    1.365669] pcieport 0000:00:1c.0: sharing IRQ 11 with 0000:00:16.0
[    1.371921] pcieport 0000:00:1c.0: sharing IRQ 11 with 0000:00:16.1
[    1.378169] pcieport 0000:00:1c.0: sharing IRQ 11 with 0000:00:16.4
[    1.384420] pcieport 0000:00:1c.0: sharing IRQ 11 with 0000:00:17.0
[    1.390671] pcieport 0000:00:1c.0: sharing IRQ 11 with 0000:00:1c.4
[    1.396929] pcieport 0000:00:1c.0: sharing IRQ 11 with 0000:02:00.0
[    1.403183] pcieport 0000:00:1c.0: sharing IRQ 11 with 0000:03:00.0
[    1.409435] pcieport 0000:00:1c.0: sharing IRQ 11 with 0000:16:00.0
[    1.415710] pcieport 0000:00:1c.0: sharing IRQ 11 with 0000:17:00.0
[    1.421984] pcieport 0000:00:1c.0: sharing IRQ 11 with 0000:b2:00.0
[    1.428236] pcieport 0000:00:1c.0: sharing IRQ 11 with 0000:b3:00.0
[    1.434485] pcieport 0000:00:1c.0: sharing IRQ 11 with 0000:b4:03.0
[    1.440735] pcieport 0000:00:1c.0: sharing IRQ 11 with 0000:b5:00.0
[    1.446986] pcieport 0000:00:1c.0: sharing IRQ 11 with 0000:b5:00.1
[    1.453315] pcieport 0000:00:1c.4: assigned PCI INT A -> IRQ 11
[    1.459224] pcieport 0000:00:1c.4: sharing IRQ 11 with 0000:00:04.0
[    1.465472] pcieport 0000:00:1c.4: sharing IRQ 11 with 0000:00:04.4
[    1.471731] pcieport 0000:00:1c.4: sharing IRQ 11 with 0000:00:11.5
[    1.477984] pcieport 0000:00:1c.4: sharing IRQ 11 with 0000:00:14.0
[    1.484237] pcieport 0000:00:1c.4: sharing IRQ 11 with 0000:00:16.0
[    1.490484] pcieport 0000:00:1c.4: sharing IRQ 11 with 0000:00:16.1
[    1.496737] pcieport 0000:00:1c.4: sharing IRQ 11 with 0000:00:16.4
[    1.502987] pcieport 0000:00:1c.4: sharing IRQ 11 with 0000:00:17.0
[    1.509239] pcieport 0000:00:1c.4: sharing IRQ 11 with 0000:00:1c.0
[    1.515495] pcieport 0000:00:1c.4: sharing IRQ 11 with 0000:02:00.0
[    1.521751] pcieport 0000:00:1c.4: sharing IRQ 11 with 0000:03:00.0
[    1.528002] pcieport 0000:00:1c.4: sharing IRQ 11 with 0000:16:00.0
[    1.534280] pcieport 0000:00:1c.4: sharing IRQ 11 with 0000:17:00.0
[    1.540545] pcieport 0000:00:1c.4: sharing IRQ 11 with 0000:b2:00.0
[    1.546805] pcieport 0000:00:1c.4: sharing IRQ 11 with 0000:b3:00.0
[    1.553056] pcieport 0000:00:1c.4: sharing IRQ 11 with 0000:b4:03.0
[    1.559311] pcieport 0000:00:1c.4: sharing IRQ 11 with 0000:b5:00.0
[    1.565561] pcieport 0000:00:1c.4: sharing IRQ 11 with 0000:b5:00.1
[    1.571878] pcieport 0000:16:00.0: assigned PCI INT A -> IRQ 11
[    1.577786] pcieport 0000:16:00.0: sharing IRQ 11 with 0000:00:04.0
[    1.584043] pcieport 0000:16:00.0: sharing IRQ 11 with 0000:00:04.4
[    1.590304] pcieport 0000:16:00.0: sharing IRQ 11 with 0000:00:11.5
[    1.596559] pcieport 0000:16:00.0: sharing IRQ 11 with 0000:00:14.0
[    1.602810] pcieport 0000:16:00.0: sharing IRQ 11 with 0000:00:16.0
[    1.609062] pcieport 0000:16:00.0: sharing IRQ 11 with 0000:00:16.1
[    1.615310] pcieport 0000:16:00.0: sharing IRQ 11 with 0000:00:16.4
[    1.621562] pcieport 0000:16:00.0: sharing IRQ 11 with 0000:00:17.0
[    1.627812] pcieport 0000:16:00.0: sharing IRQ 11 with 0000:00:1c.0
[    1.634064] pcieport 0000:16:00.0: sharing IRQ 11 with 0000:00:1c.4
[    1.640320] pcieport 0000:16:00.0: sharing IRQ 11 with 0000:02:00.0
[    1.646568] pcieport 0000:16:00.0: sharing IRQ 11 with 0000:03:00.0
[    1.652845] pcieport 0000:16:00.0: sharing IRQ 11 with 0000:17:00.0
[    1.659115] pcieport 0000:16:00.0: sharing IRQ 11 with 0000:b2:00.0
[    1.665367] pcieport 0000:16:00.0: sharing IRQ 11 with 0000:b3:00.0
[    1.671615] pcieport 0000:16:00.0: sharing IRQ 11 with 0000:b4:03.0
[    1.677865] pcieport 0000:16:00.0: sharing IRQ 11 with 0000:b5:00.0
[    1.684120] pcieport 0000:16:00.0: sharing IRQ 11 with 0000:b5:00.1
[    1.690427] pcieport 0000:b2:00.0: assigned PCI INT A -> IRQ 11
[    1.696339] pcieport 0000:b2:00.0: sharing IRQ 11 with 0000:00:04.0
[    1.702596] pcieport 0000:b2:00.0: sharing IRQ 11 with 0000:00:04.4
[    1.708855] pcieport 0000:b2:00.0: sharing IRQ 11 with 0000:00:11.5
[    1.715108] pcieport 0000:b2:00.0: sharing IRQ 11 with 0000:00:14.0
[    1.721358] pcieport 0000:b2:00.0: sharing IRQ 11 with 0000:00:16.0
[    1.727609] pcieport 0000:b2:00.0: sharing IRQ 11 with 0000:00:16.1
[    1.733861] pcieport 0000:b2:00.0: sharing IRQ 11 with 0000:00:16.4
[    1.740108] pcieport 0000:b2:00.0: sharing IRQ 11 with 0000:00:17.0
[    1.746361] pcieport 0000:b2:00.0: sharing IRQ 11 with 0000:00:1c.0
[    1.752611] pcieport 0000:b2:00.0: sharing IRQ 11 with 0000:00:1c.4
[    1.758872] pcieport 0000:b2:00.0: sharing IRQ 11 with 0000:02:00.0
[    1.765123] pcieport 0000:b2:00.0: sharing IRQ 11 with 0000:03:00.0
[    1.771374] pcieport 0000:b2:00.0: sharing IRQ 11 with 0000:16:00.0
[    1.777653] pcieport 0000:b2:00.0: sharing IRQ 11 with 0000:17:00.0
[    1.783929] pcieport 0000:b2:00.0: sharing IRQ 11 with 0000:b3:00.0
[    1.790179] pcieport 0000:b2:00.0: sharing IRQ 11 with 0000:b4:03.0
[    1.796432] pcieport 0000:b2:00.0: sharing IRQ 11 with 0000:b5:00.0
[    1.802682] pcieport 0000:b2:00.0: sharing IRQ 11 with 0000:b5:00.1
[    1.808983] pcieport 0000:b3:00.0: assigned PCI INT A -> IRQ 11
[    1.814891] pcieport 0000:b3:00.0: sharing IRQ 11 with 0000:00:04.0
[    1.821147] pcieport 0000:b3:00.0: sharing IRQ 11 with 0000:00:04.4
[    1.827400] pcieport 0000:b3:00.0: sharing IRQ 11 with 0000:00:11.5
[    1.833659] pcieport 0000:b3:00.0: sharing IRQ 11 with 0000:00:14.0
[    1.839908] pcieport 0000:b3:00.0: sharing IRQ 11 with 0000:00:16.0
[    1.846157] pcieport 0000:b3:00.0: sharing IRQ 11 with 0000:00:16.1
[    1.852408] pcieport 0000:b3:00.0: sharing IRQ 11 with 0000:00:16.4
[    1.858660] pcieport 0000:b3:00.0: sharing IRQ 11 with 0000:00:17.0
[    1.864910] pcieport 0000:b3:00.0: sharing IRQ 11 with 0000:00:1c.0
[    1.871163] pcieport 0000:b3:00.0: sharing IRQ 11 with 0000:00:1c.4
[    1.877419] pcieport 0000:b3:00.0: sharing IRQ 11 with 0000:02:00.0
[    1.883675] pcieport 0000:b3:00.0: sharing IRQ 11 with 0000:03:00.0
[    1.889921] pcieport 0000:b3:00.0: sharing IRQ 11 with 0000:16:00.0
[    1.896202] pcieport 0000:b3:00.0: sharing IRQ 11 with 0000:17:00.0
[    1.902470] pcieport 0000:b3:00.0: sharing IRQ 11 with 0000:b2:00.0
[    1.908728] pcieport 0000:b3:00.0: sharing IRQ 11 with 0000:b4:03.0
[    1.914979] pcieport 0000:b3:00.0: sharing IRQ 11 with 0000:b5:00.0
[    1.921235] pcieport 0000:b3:00.0: sharing IRQ 11 with 0000:b5:00.1
[    1.927521] pcieport 0000:b4:03.0: assigned PCI INT A -> IRQ 11
[    1.933425] pcieport 0000:b4:03.0: sharing IRQ 11 with 0000:00:04.0
[    1.939676] pcieport 0000:b4:03.0: sharing IRQ 11 with 0000:00:04.4
[    1.945935] pcieport 0000:b4:03.0: sharing IRQ 11 with 0000:00:11.5
[    1.952188] pcieport 0000:b4:03.0: sharing IRQ 11 with 0000:00:14.0
[    1.958438] pcieport 0000:b4:03.0: sharing IRQ 11 with 0000:00:16.0
[    1.964688] pcieport 0000:b4:03.0: sharing IRQ 11 with 0000:00:16.1
[    1.970942] pcieport 0000:b4:03.0: sharing IRQ 11 with 0000:00:16.4
[    1.977188] pcieport 0000:b4:03.0: sharing IRQ 11 with 0000:00:17.0
[    1.983441] pcieport 0000:b4:03.0: sharing IRQ 11 with 0000:00:1c.0
[    1.989692] pcieport 0000:b4:03.0: sharing IRQ 11 with 0000:00:1c.4
[    1.995950] pcieport 0000:b4:03.0: sharing IRQ 11 with 0000:02:00.0
[    2.002205] pcieport 0000:b4:03.0: sharing IRQ 11 with 0000:03:00.0
[    2.008457] pcieport 0000:b4:03.0: sharing IRQ 11 with 0000:16:00.0
[    2.014732] pcieport 0000:b4:03.0: sharing IRQ 11 with 0000:17:00.0
[    2.021003] pcieport 0000:b4:03.0: sharing IRQ 11 with 0000:b2:00.0
[    2.027256] pcieport 0000:b4:03.0: sharing IRQ 11 with 0000:b3:00.0
[    2.033505] pcieport 0000:b4:03.0: sharing IRQ 11 with 0000:b5:00.0
[    2.039756] pcieport 0000:b4:03.0: sharing IRQ 11 with 0000:b5:00.1
[    2.046108] Serial: 8250/16550 driver, 4 ports, IRQ sharing enabled
[    2.073376] serial8250: ttyS0 at I/O 0x3f8 (irq = 4, base_baud = 115200) is a 16550A
ï¿½[    2.102092] serial8250: ttyS1 at I/O 0x2f8 (irq = 3, base_baud = 115200) is a 16550A
[    2.110232] Non-volatile memory driver v1.3
[    2.114726] [drm] Initialized
[    2.118628] loop: module loaded
[    2.122010] ipddp.c:v0.01 8/28/97 Bradford W. Johnson <johns393@maroon.tc.umn.edu>
[    2.129803] ipddp0: Appletalk-IP Encap. mode by Bradford W. Johnson <johns393@maroon.tc.umn.edu>
[    2.138555] pcnet32: pcnet32.c:v1.35 21.Apr.2008 tsbogend@alpha.franken.de
[    2.145459] e100: Intel(R) PRO/100 Network Driver, 3.5.24-k2-NAPI
[    2.151534] e100: Copyright(c) 1999-2006 Intel Corporation
[    2.157100] e1000: Intel(R) PRO/1000 Network Driver - version 7.3.21-k8-NAPI
[    2.164130] e1000: Copyright (c) 1999-2006 Intel Corporation.
[    2.169928] e1000e: Intel(R) PRO/1000 Network Driver - 3.2.6-k
[    2.175743] e1000e: Copyright(c) 1999 - 2015 Intel Corporation.
[    2.181716] igb: Intel(R) Gigabit Ethernet Network Driver - version 5.4.0-k
[    2.188662] igb: Copyright (c) 2007-2014 Intel Corporation.
[    2.194270] igb 0000:17:00.0: assigned PCI INT A -> IRQ 11
[    2.199737] igb 0000:17:00.0: sharing IRQ 11 with 0000:00:04.0
[    2.205562] igb 0000:17:00.0: sharing IRQ 11 with 0000:00:04.4
[    2.211381] igb 0000:17:00.0: sharing IRQ 11 with 0000:00:11.5
[    2.217198] igb 0000:17:00.0: sharing IRQ 11 with 0000:00:14.0
[    2.223016] igb 0000:17:00.0: sharing IRQ 11 with 0000:00:16.0
[    2.228834] igb 0000:17:00.0: sharing IRQ 11 with 0000:00:16.1
[    2.234651] igb 0000:17:00.0: sharing IRQ 11 with 0000:00:16.4
[    2.240472] igb 0000:17:00.0: sharing IRQ 11 with 0000:00:17.0
[    2.246288] igb 0000:17:00.0: sharing IRQ 11 with 0000:00:1c.0
[    2.252109] igb 0000:17:00.0: sharing IRQ 11 with 0000:00:1c.4
[    2.257934] igb 0000:17:00.0: sharing IRQ 11 with 0000:02:00.0
[    2.263756] igb 0000:17:00.0: sharing IRQ 11 with 0000:03:00.0
[    2.269572] igb 0000:17:00.0: sharing IRQ 11 with 0000:16:00.0
[    2.275438] igb 0000:17:00.0: sharing IRQ 11 with 0000:b2:00.0
[    2.281260] igb 0000:17:00.0: sharing IRQ 11 with 0000:b3:00.0
[    2.287086] igb 0000:17:00.0: sharing IRQ 11 with 0000:b4:03.0
[    2.292902] igb 0000:17:00.0: sharing IRQ 11 with 0000:b5:00.0
[    2.298720] igb 0000:17:00.0: sharing IRQ 11 with 0000:b5:00.1
[    2.369286] igb 0000:17:00.0: added PHC on eth0
[    2.373804] igb 0000:17:00.0: Intel(R) Gigabit Ethernet Network Connection
[    2.380661] igb 0000:17:00.0: eth0: (PCIe:5.0Gb/s:Width x4) 7c:c2:55:6b:c4:d4
[    2.387847] igb 0000:17:00.0: eth0: PBA No: 020C00-000
[    2.392975] igb 0000:17:00.0: Using legacy interrupts. 1 rx queue(s), 1 tx queue(s)
[    2.400749] igb 0000:17:00.1: assigned PCI INT B -> IRQ 10
[    2.406224] igb 0000:17:00.1: sharing IRQ 10 with 0000:00:04.1
[    2.412038] igb 0000:17:00.1: sharing IRQ 10 with 0000:00:04.5
[    2.488306] igb 0000:17:00.1: added PHC on eth1
[    2.492828] igb 0000:17:00.1: Intel(R) Gigabit Ethernet Network Connection
[    2.499687] igb 0000:17:00.1: eth1: (PCIe:5.0Gb/s:Width x4) 7c:c2:55:6b:c4:d5
[    2.506871] igb 0000:17:00.1: eth1: PBA No: 020C00-000
[    2.512000] igb 0000:17:00.1: Using legacy interrupts. 1 rx queue(s), 1 tx queue(s)
[    2.519759] igb 0000:17:00.2: assigned PCI INT C -> IRQ 11
[    2.525239] igb 0000:17:00.2: sharing IRQ 11 with 0000:00:04.2
[    2.531054] igb 0000:17:00.2: sharing IRQ 11 with 0000:00:04.6
[    2.536884] igb 0000:17:00.2: sharing IRQ 11 with 0000:00:14.2
[    2.542777] clocksource: tsc: mask: 0xffffffffffffffff max_cycles: 0x1fb633008a4, max_idle_ns: 440795292230 ns
[    2.552756] clocksource: Switched to clocksource tsc
[    2.643167] igb 0000:17:00.2: added PHC on eth2
[    2.647692] igb 0000:17:00.2: Intel(R) Gigabit Ethernet Network Connection
[    2.654550] igb 0000:17:00.2: eth2: (PCIe:5.0Gb/s:Width x4) 7c:c2:55:6b:c4:d6
[    2.661736] igb 0000:17:00.2: eth2: PBA No: 020C00-000
[    2.666860] igb 0000:17:00.2: Using legacy interrupts. 1 rx queue(s), 1 tx queue(s)
[    2.674624] igb 0000:17:00.3: found PCI INT D -> IRQ 7
[    2.679753] pci 0000:00:04.3: IRQ routing conflict: have IRQ 11, want IRQ 7
[    2.686698] pci 0000:00:04.7: IRQ routing conflict: have IRQ 11, want IRQ 7
[    2.693694] igb 0000:17:00.3: IRQ routing conflict: have IRQ 11, want IRQ 7
[    2.783188] igb 0000:17:00.3: added PHC on eth3
[    2.787706] igb 0000:17:00.3: Intel(R) Gigabit Ethernet Network Connection
[    2.794569] igb 0000:17:00.3: eth3: (PCIe:5.0Gb/s:Width x4) 7c:c2:55:6b:c4:d7
[    2.801752] igb 0000:17:00.3: eth3: PBA No: 020C00-000
[    2.806880] igb 0000:17:00.3: Using legacy interrupts. 1 rx queue(s), 1 tx queue(s)
[    2.814646] igbvf: Intel(R) Gigabit Virtual Function Network Driver - version 2.4.0-k
[    2.822449] igbvf: Copyright (c) 2009 - 2012 Intel Corporation.
[    2.828390] ixgbe: Intel(R) 10 Gigabit PCI Express Network Driver - version 4.4.0-k
[    2.836024] ixgbe: Copyright (c) 1999-2016 Intel Corporation.
[    2.841820] i40e: Intel(R) Ethernet Connection XL710 Network Driver - version 1.6.16-k
[    2.849716] i40e: Copyright (c) 2013 - 2014 Intel Corporation.
[    2.855604] i40e 0000:b5:00.0: assigned PCI INT A -> IRQ 11
[    2.861168] i40e 0000:b5:00.0: sharing IRQ 11 with 0000:00:04.0
[    2.867077] i40e 0000:b5:00.0: sharing IRQ 11 with 0000:00:04.4
[    2.872986] i40e 0000:b5:00.0: sharing IRQ 11 with 0000:00:11.5
[    2.878896] i40e 0000:b5:00.0: sharing IRQ 11 with 0000:00:14.0
[    2.884800] i40e 0000:b5:00.0: sharing IRQ 11 with 0000:00:16.0
[    2.890704] i40e 0000:b5:00.0: sharing IRQ 11 with 0000:00:16.1
[    2.896610] i40e 0000:b5:00.0: sharing IRQ 11 with 0000:00:16.4
[    2.902514] i40e 0000:b5:00.0: sharing IRQ 11 with 0000:00:17.0
[    2.908421] i40e 0000:b5:00.0: sharing IRQ 11 with 0000:00:1c.0
[    2.914326] i40e 0000:b5:00.0: sharing IRQ 11 with 0000:00:1c.4
[    2.920236] i40e 0000:b5:00.0: sharing IRQ 11 with 0000:02:00.0
[    2.926147] i40e 0000:b5:00.0: sharing IRQ 11 with 0000:03:00.0
[    2.932050] i40e 0000:b5:00.0: sharing IRQ 11 with 0000:16:00.0
[    2.937981] i40e 0000:b5:00.0: sharing IRQ 11 with 0000:17:00.0
[    2.943906] i40e 0000:b5:00.0: sharing IRQ 11 with 0000:b2:00.0
[    2.949815] i40e 0000:b5:00.0: sharing IRQ 11 with 0000:b3:00.0
[    2.955724] i40e 0000:b5:00.0: sharing IRQ 11 with 0000:b4:03.0
[    2.961629] i40e 0000:b5:00.0: sharing IRQ 11 with 0000:b5:00.1
[    3.182766] i40e 0000:b5:00.0: fw 5.5.71465 api 1.12 nvm 5.60 0x80003ea5 1.3295.0
[    3.190226] i40e 0000:b5:00.0: The driver for the device detected a newer version of the NVM image than expected. Please install the most recent version of the network driver.
[    3.522763] i40e 0000:b5:00.0: MAC address: 3c:ec:ef:d2:88:84
[    3.562762] i40e 0000:b5:00.0: DCBX offload is not supported or is disabled for this PF.
[    3.592782] i40e 0000:b5:00.0: MSI-X vector reservation failed: -38
[    3.599027] i40e 0000:b5:00.0: MSI-X not available, trying MSI
[    3.604849] i40e 0000:b5:00.0: MSI init failed - -38
[    3.609803] i40e 0000:b5:00.0: MSI-X and MSI not available, falling back to Legacy IRQ
[    3.892765] i40e 0000:b5:00.0: Features: PF-id[0] VSIs: 66 QP: 1 VxLAN Geneve PTP VEPA
[    3.900674] i40e 0000:b5:00.1: assigned PCI INT A -> IRQ 11
[    3.906232] i40e 0000:b5:00.1: sharing IRQ 11 with 0000:00:04.0
[    3.912136] i40e 0000:b5:00.1: sharing IRQ 11 with 0000:00:04.4
[    3.918051] i40e 0000:b5:00.1: sharing IRQ 11 with 0000:00:11.5
[    3.923961] i40e 0000:b5:00.1: sharing IRQ 11 with 0000:00:14.0
[    3.929871] i40e 0000:b5:00.1: sharing IRQ 11 with 0000:00:16.0
[    3.935775] i40e 0000:b5:00.1: sharing IRQ 11 with 0000:00:16.1
[    3.941679] i40e 0000:b5:00.1: sharing IRQ 11 with 0000:00:16.4
[    3.947588] i40e 0000:b5:00.1: sharing IRQ 11 with 0000:00:17.0
[    3.953493] i40e 0000:b5:00.1: sharing IRQ 11 with 0000:00:1c.0
[    3.959396] i40e 0000:b5:00.1: sharing IRQ 11 with 0000:00:1c.4
[    3.965311] i40e 0000:b5:00.1: sharing IRQ 11 with 0000:02:00.0
[    3.971217] i40e 0000:b5:00.1: sharing IRQ 11 with 0000:03:00.0
[    3.977122] i40e 0000:b5:00.1: sharing IRQ 11 with 0000:16:00.0
[    3.983052] i40e 0000:b5:00.1: sharing IRQ 11 with 0000:17:00.0
[    3.988975] i40e 0000:b5:00.1: sharing IRQ 11 with 0000:b2:00.0
[    3.994889] i40e 0000:b5:00.1: sharing IRQ 11 with 0000:b3:00.0
[    4.000794] i40e 0000:b5:00.1: sharing IRQ 11 with 0000:b4:03.0
[    4.006703] i40e 0000:b5:00.1: sharing IRQ 11 with 0000:b5:00.0
[    4.232766] i40e 0000:b5:00.1: fw 5.5.71465 api 1.12 nvm 5.60 0x80003ea5 1.3295.0
[    4.240226] i40e 0000:b5:00.1: The driver for the device detected a newer version of the NVM image than expected. Please install the most recent version of the network driver.
[    4.562769] i40e 0000:b5:00.1: MAC address: 3c:ec:ef:d2:88:85
[    4.642763] i40e 0000:b5:00.1: MSI-X vector reservation failed: -38
[    4.649028] i40e 0000:b5:00.1: MSI-X not available, trying MSI
[    4.654851] i40e 0000:b5:00.1: MSI init failed - -38
[    4.659801] i40e 0000:b5:00.1: MSI-X and MSI not available, falling back to Legacy IRQ
[    4.932765] i40e 0000:b5:00.1: Features: PF-id[1] VSIs: 66 QP: 1 VxLAN Geneve PTP VEPA
[    4.940667] ixgb: Intel(R) PRO/10GbE Network Driver - version 1.0.135-k2-NAPI
[    4.947783] ixgb: Copyright (c) 1999-2008 Intel Corporation.
[    4.953503] ehci_hcd: USB 2.0 'Enhanced' Host Controller (EHCI) Driver
[    4.960007] ehci-pci: EHCI PCI platform driver
[    4.964489] ohci_hcd: USB 1.1 'Open' Host Controller (OHCI) Driver
[    4.970656] ohci-pci: OHCI PCI platform driver
[    4.975116] uhci_hcd: USB Universal Host Controller Interface driver
[    4.981489] usbcore: registered new interface driver usblp
[    4.986990] usbcore: registered new interface driver usb-storage
[    4.993195] rtc_cmos rtc_cmos: rtc core: registered rtc_cmos as rtc0
[    4.999566] rtc_cmos rtc_cmos: alarms up to one day, 114 bytes nvram
[    5.005934] i2c /dev entries driver
[    5.009525] i801_smbus 0000:00:1f.4: can't find IRQ for PCI INT A; please try using pci=biosirq
[    5.018235] i801_smbus 0000:00:1f.4: SPD Write Disable is set
[    5.023993] genirq: Flags mismatch irq 0. 00000080 (i801_smbus) vs. 00015a00 (timer)
[    5.031713] i801_smbus 0000:00:1f.4: Failed to allocate irq 0: -16
[    5.037882] i801_smbus 0000:00:1f.4: SMBus using polling
[    5.043498] hidraw: raw HID events driver (C) Jiri Kosina
[    5.049004] usbcore: registered new interface driver usbhid
[    5.054568] usbhid: USB HID core driver
[    5.058639] NET: Registered protocol family 26
[    5.063080] Netfilter messages via NETLINK v0.30.
[    5.067777] nfnl_acct: registering with nfnetlink.
[    5.072599] nf_conntrack version 0.5.0 (16384 buckets, 65536 max)
[    5.078800] ctnetlink v0.93: registering with nfnetlink.
[    5.084155] nf_tables: (c) 2007-2009 Patrick McHardy <kaber@trash.net>
[    5.090664] nf_tables_compat: (c) 2012 Pablo Neira Ayuso <pablo@netfilter.org>
[    5.097910] xt_time: kernel timezone is -0000
[    5.102256] ip_set: protocol 6
[    5.105332] IPVS: Registered protocols (TCP, UDP, SCTP, AH, ESP)
[    5.111330] IPVS: Connection hash table configured (size=4096, memory=32Kbytes)
[    5.118652] IPVS: Creating netns size=1372 id=0
[    5.123185] IPVS: ipvs loaded.
[    5.126233] IPVS: [rr] scheduler registered.
[    5.130494] IPVS: [wrr] scheduler registered.
[    5.134851] IPVS: [lc] scheduler registered.
[    5.139115] IPVS: [wlc] scheduler registered.
[    5.143467] IPVS: [fo] scheduler registered.
[    5.147728] IPVS: [ovf] scheduler registered.
[    5.152076] IPVS: [lblc] scheduler registered.
[    5.156518] IPVS: [lblcr] scheduler registered.
[    5.161034] IPVS: [dh] scheduler registered.
[    5.165297] IPVS: [sh] scheduler registered.
[    5.169558] IPVS: [sed] scheduler registered.
[    5.173910] IPVS: [nq] scheduler registered.
[    5.178171] IPVS: ftp: loaded support on port[0] = 21
[    5.183211] IPVS: [sip] pe registered.
[    5.193766] wireguard: chacha20 self-tests: pass
[    5.203886] wireguard: poly1305 self-tests: pass
[    5.208961] wireguard: chacha20poly1305 self-tests: pass
[    5.214759] wireguard: blake2s self-tests: pass
[    5.248243] wireguard: curve25519 self-tests: pass
[    5.253095] wireguard: allowedips self-tests: pass
[    5.258909] wireguard: nonce counter self-tests: pass
[    5.552768] wireguard: ratelimiter self-tests: pass
[    5.557680] wireguard: WireGuard 1.0.20220627 loaded. See www.wireguard.com for information.
[    5.566095] wireguard: Copyright (C) 2015-2019 Jason A. Donenfeld <Jason@zx2c4.com>. All Rights Reserved.
[    5.575724] ipip: IPv4 and MPLS over IPv4 tunneling driver
[    5.581314] gre: GRE over IPv4 demultiplexor driver
[    5.586181] ip_gre: GRE over IPv4 tunneling driver
[    5.591185] IPv4 over IPsec tunneling driver
[    5.595626] ip_tables: (C) 2000-2006 Netfilter Core Team
[    5.600944] ipt_CLUSTERIP: ClusterIP Version 0.8 loaded successfully
[    5.607325] arp_tables: arp_tables: (C) 2002 David S. Miller
[    5.613001] Initializing XFRM netlink socket
[    5.617376] NET: Registered protocol family 10
[    5.622340] ip6_tables: (C) 2000-2006 Netfilter Core Team
[    5.627779] sit: IPv6, IPv4 and MPLS over IPv4 tunneling driver
[    5.633967] NET: Registered protocol family 17
[    5.638403] NET: Registered protocol family 15
[    5.642892] Bridge firewalling registered
[    5.646892] Ebtables v2.0 registered
[    5.650489] NET: Registered protocol family 4
[    5.654859] NET: Registered protocol family 5
[    5.659213] NET: Registered protocol family 9
[    5.663574] X25: Linux Version 0.2
[    5.666992] RPC: Registered rdma transport module.
[    5.671775] RPC: Registered rdma backchannel transport module.
[    5.677612] lec:lane_module_init: lec.c: initialized
[    5.682566] mpoa:atm_mpoa_init: mpc.c: initialized
[    5.687355] l2tp_core: L2TP core driver, V2.0
[    5.691707] NET4: DECnet for Linux: V.2.5.68s (C) 1995-2003 Linux DECnet Project Team
[    5.699544] DECnet: Routing cache hash table of 1024 buckets, 8Kbytes
[    5.705969] NET: Registered protocol family 12
[    5.710408] NET: Registered protocol family 35
[    5.714854] 8021q: 802.1Q VLAN Support v1.8
[    5.720136] DCCP: Activated CCID 2 (TCP-like)
[    5.724492] DCCP: Activated CCID 3 (TCP-Friendly Rate Control)
[    5.730482] sctp: Hash tables configured (bind 512/512)
[    5.735847] NET: Registered protocol family 21
[    5.740315] Registered RDS/infiniband transport
[    5.744909] Registered RDS/tcp transport
[    5.748820] tipc: Activated (version 2.0.0)
[    5.753028] NET: Registered protocol family 30
[    5.757480] tipc: Started in single node mode
[    5.764738] NET: Registered protocol family 36
[    5.769179] Key type dns_resolver registered
[    5.773946] batman_adv: B.A.T.M.A.N. advanced 2016.4 (compatibility version 15) loaded
[    5.781899] NET: Registered protocol family 40
[    5.786454] microcode: sig=0x50654, pf=0x10, revision=0x2007006
[    5.792389] microcode: Microcode Update Driver: v2.01 <tigran@aivazian.fsnet.co.uk>, Peter Oruba
[    5.801155] Using IPI No-Shortcut mode
[    5.804979] registered taskstats version 1
[    5.809566] console [netcon0] enabled
[    5.813224] netconsole: network logging started
[    5.818505] Freeing unused kernel memory: 4964K
[    5.823084] Write protecting the kernel text: 6524k
[    5.827995] Write protecting the kernel read-only data: 2180k
Saving 256 bits of creditable seed for next boot
Starting syslogd: OK
Starting klogd: OK
Running sysctl: OK
Starting iptables: OK
Starting network: [    5.863802] ip (1052) used greatest stack depth: 6732 bytes left
[    5.870743] ip (1053) used greatest stack depth: 6280 bytes left
OK
Starting collectd: OK

Welcome to Buildroot
buildroot login: 
Welcome to Buildroot
buildroot login: 
Welcome to Buildroot
buildroot login: root
# 

# lspci
00:1f.5 Class 0c80: 8086:a1a4
b3:00.0 Class 0604: 8086:37c0
16:08.2 Class 0880: 8086:208d
16:05.0 Class 0880: 8086:2034
00:04.7 Class 0880: 8086:2021
16:0a.0 Class 0880: 8086:208d
16:09.5 Class 0880: 8086:208d
64:05.0 Class 0880: 8086:2034
64:0d.2 Class 0880: 8086:204a
16:0e.5 Class 0880: 8086:208e
64:0a.0 Class 0880: 8086:2040
00:00.0 Class 0600: 8086:2020
b2:12.2 Class 0880: 8086:204e
16:08.0 Class 0880: 8086:208d
00:08.1 Class 1101: 8086:2015
00:04.5 Class 0880: 8086:2021
64:0b.3 Class 0880: 8086:204b
16:1d.3 Class 0880: 8086:2057
b2:00.0 Class 0604: 8086:2030
b5:00.1 Class 0200: 8086:37d2
64:08.0 Class 0880: 8086:2066
16:09.3 Class 0880: 8086:208d
64:0d.0 Class 0880: 8086:2048
16:0e.3 Class 0880: 8086:208e
64:0c.6 Class 0880: 8086:2046
16:1e.6 Class 0880: 8086:2086
16:10.0 Class 0880: 8086:208e
b2:12.0 Class 1101: 8086:204c
00:04.3 Class 0880: 8086:2021
16:0f.6 Class 0880: 8086:208e
64:0b.1 Class 0880: 8086:2049
16:1d.1 Class 0880: 8086:2055
64:0a.7 Class 0880: 8086:2047
16:09.1 Class 0880: 8086:208d
16:08.7 Class 0880: 8086:208d
16:0e.1 Class 0880: 8086:208e
b2:15.0 Class 0880: 8086:2018
64:0c.4 Class 0880: 8086:2044
17:00.2 Class 0200: 8086:1521
16:1e.4 Class 0880: 8086:2084
00:04.1 Class 0880: 8086:2021
16:0f.4 Class 0880: 8086:208e
64:0a.5 Class 0880: 8086:2045
16:08.5 Class 0880: 8086:208d
00:05.4 Class 0800: 8086:2026
00:16.1 Class 0780: 8086:a1bb
64:0c.2 Class 0880: 8086:2042
17:00.0 Class 0200: 8086:1521
16:1e.2 Class 0880: 8086:2082
16:0f.2 Class 0880: 8086:208e
b2:05.4 Class 0800: 8086:2036
00:14.2 Class 1180: 8086:a1b1
64:0a.3 Class 0880: 8086:2043
00:11.0 Class ff00: 8086:a1ec
00:1c.4 Class 0604: 8086:a194
16:08.3 Class 0880: 8086:208d
00:05.2 Class 0880: 8086:2025
64:0c.0 Class 0880: 8086:2040
16:1e.0 Class 0880: 8086:2080
16:0a.1 Class 0880: 8086:208d
16:09.6 Class 0880: 8086:208d
16:0f.0 Class 0880: 8086:208e
b2:05.2 Class 0880: 8086:2035
64:0d.3 Class 0880: 8086:204b
00:14.0 Class 0c03: 8086:a1af
16:0e.6 Class 0880: 8086:208e
16:00.0 Class 0604: 8086:2030
64:0a.1 Class 0880: 8086:2041
00:1f.4 Class 0c05: 8086:a1a3
16:08.1 Class 0880: 8086:208d
00:08.2 Class 0880: 8086:2016
00:05.0 Class 0880: 8086:2024
00:04.6 Class 0880: 8086:2021
16:09.4 Class 0880: 8086:208d
00:17.0 Class 0106: 8086:a182
b2:05.0 Class 0880: 8086:2034
64:0d.1 Class 0880: 8086:2049
16:0e.4 Class 0880: 8086:208e
00:1f.2 Class 0580: 8086:a1a1
03:00.0 Class 0300: 1a03:2000
00:1c.0 Class 0604: 8086:a190
64:0c.7 Class 0880: 8086:2047
16:10.1 Class 0880: 8086:208e
b2:12.1 Class 1101: 8086:204d
00:08.0 Class 0880: 8086:2014
b2:17.0 Class 0880: 8086:2018
00:04.4 Class 0880: 8086:2021
16:0f.7 Class 0880: 8086:208e
64:0b.2 Class 0880: 8086:204a
16:1d.2 Class 0880: 8086:2056
b5:00.0 Class 0200: 8086:37d2
00:11.5 Class 0106: 8086:a1d2
16:09.2 Class 0880: 8086:208d
16:0e.2 Class 0880: 8086:208e
00:1f.0 Class 0601: 8086:a1c8
00:16.4 Class 0780: 8086:a1be
64:0c.5 Class 0880: 8086:2045
17:00.3 Class 0200: 8086:1521
16:1e.5 Class 0880: 8086:2085
00:04.2 Class 0880: 8086:2021
16:0f.5 Class 0880: 8086:208e
64:0b.0 Class 0880: 8086:2048
02:00.0 Class 0604: 1a03:1150
16:1d.0 Class 0880: 8086:2054
b2:16.4 Class 0880: 8086:2018
64:0a.6 Class 0880: 8086:2046
16:09.0 Class 0880: 8086:208d
16:08.6 Class 0880: 8086:208d
16:0e.0 Class 0880: 8086:208e
16:05.4 Class 0800: 8086:2036
64:0c.3 Class 0880: 8086:2043
17:00.1 Class 0200: 8086:1521
16:1e.3 Class 0880: 8086:2083
64:09.0 Class 0880: 8086:2066
00:04.0 Class 0880: 8086:2021
64:05.4 Class 0800: 8086:2036
16:0f.3 Class 0880: 8086:208e
64:0a.4 Class 0880: 8086:2044
16:08.4 Class 0880: 8086:208d
16:05.2 Class 0880: 8086:2035
00:16.0 Class 0780: 8086:a1ba
64:0c.1 Class 0880: 8086:2041
b4:03.0 Class 0604: 8086:37c5
16:1e.1 Class 0880: 8086:2081
16:09.7 Class 0880: 8086:208d
64:05.2 Class 0880: 8086:2035
16:0f.1 Class 0880: 8086:208e
b2:16.0 Class 0880: 8086:2018
16:0e.7 Class 0880: 8086:208e
64:0a.2 Class 0880: 8086:2042
# 

# echo hola > /dev/ttyS1
hola
# echo hola > /dev/ttyS0
# 

# cat ioports 
0000-001f : dma1
0020-0021 : pic1
0040-0043 : timer0
0050-0053 : timer1
0060-0060 : keyboard
0064-0064 : keyboard
0070-0071 : rtc_cmos
  0070-0071 : rtc0
0080-008f : dma page reg
00a0-00a1 : pic2
00c0-00df : dma2
00f0-00ff : fpu
02f8-02ff : serial
03c0-03df : vga+
03f8-03ff : serial
0400-041f : iTCO_wdt
0530-0533 : iTCO_wdt
0cf8-0cff : PCI conf1
2000-2fff : PCI Bus 0000:02
  2000-2fff : PCI Bus 0000:03
    2000-207f : 0000:03:00.0
3000-301f : 0000:00:17.0
3020-303f : 0000:00:11.5
3040-3043 : 0000:00:17.0
3050-3057 : 0000:00:17.0
3060-3063 : 0000:00:11.5
3070-3077 : 0000:00:11.5
3fe0-3fff : 0000:00:1f.4
  3fe0-3fff : i801_smbus
7000-7fff : PCI Bus 0000:17
  7000-701f : 0000:17:00.3
  7020-703f : 0000:17:00.2
  7040-705f : 0000:17:00.1
  7060-707f : 0000:17:00.0

  # cat interrupts 
           CPU0       
  0:         18    XT-PIC  timer
  2:          0    XT-PIC  cascade
  3:       1945    XT-PIC  serial
  4:          4    XT-PIC
  8:          0    XT-PIC  rtc0
NMI:          0   Non-maskable interrupts
LOC:      23111   Local timer interrupts
SPU:          0   Spurious interrupts
PMI:          0   Performance monitoring interrupts
IWI:          0   IRQ work interrupts
RTR:          0   APIC ICR read retries
RES:          0   Rescheduling interrupts
CAL:          0   Function call interrupts
TLB:          0   TLB shootdowns
ERR:          0
MIS:          0
PIN:          0   Posted-interrupt notification event
PIW:          0   Posted-interrupt wakeup event

# cat cpuinfo
processor       : 0
vendor_id       : GenuineIntel
cpu family      : 6
model           : 85
model name      : Intel(R) Xeon(R) D-2123IT CPU @ 2.20GHz
stepping        : 4
microcode       : 0x2007006
cpu MHz         : 2200.000
cache size      : 8448 KB
physical id     : 0
siblings        : 1
core id         : 0
cpu cores       : 1
apicid          : 0
initial apicid  : 0
fdiv_bug        : no
f00f_bug        : no
coma_bug        : no
fpu             : yes
fpu_exception   : yes
cpuid level     : 22
wp              : yes
flags           : fpu vme de pse tsc msr pae mce cx8 apic sep mtrr pge mca cmov pat pse36 clflush dts acpi mmx fxsr sse sse2 ss ht tm pbe nx pdpe1gb rdtscp lm constant_tsc art arch_perfmon pebs bts xtopology nonstop_tsc aperfmperf pni pclmulqdq dtes64 monitor ds_cpl vmx smx est tm2 ssse3 sdbg fma cx16 xtpr pdcm dca sse4_1 sse4_2 x2apic movbe popcnt tsc_deadline_timer aes xsave avx f16c rdrand lahf_lm abm 3dnowprefetch epb ssbd ibrs ibpb stibp tpr_shadow vnmi flexpriority ept vpid fsgsbase tsc_adjust bmi1 hle avx2 smep bmi2 erms invpcid rtm cqm mpx avx512f avx512dq rdseed adx smap clflushopt clwb intel_pt avx512cd avx512bw avx512vl xsaveopt xsavec xgetbv1 xsaves cqm_llc cqm_occup_llc cqm_mbm_total cqm_mbm_local dtherm ida arat pln pts pku md_clear flush_l1d arch_capabilities
bugs            : cpu_meltdown spectre_v1 spectre_v2 spec_store_bypass l1tf mds swapgs taa itlb_multihit mmio_stale_data
bogomips        : 4400.00
clflush size    : 64
cache_alignment : 64
address sizes   : 46 bits physical, 48 bits virtual
power management:

# cat meminfo 
MemTotal:        1724616 kB
MemFree:         1693844 kB
MemAvailable:    1653352 kB
Buffers:               0 kB
Cached:            13024 kB
SwapCached:            0 kB
Active:             4348 kB
Inactive:           9332 kB
Active(anon):       4348 kB
Inactive(anon):     9332 kB
Active(file):          0 kB
Inactive(file):        0 kB
Unevictable:           0 kB
Mlocked:               0 kB
HighTotal:        840724 kB
HighFree:         826588 kB
LowTotal:         883892 kB
LowFree:          867256 kB
SwapTotal:             0 kB
SwapFree:              0 kB
Dirty:                 0 kB
Writeback:             0 kB
AnonPages:           684 kB
Mapped:             2192 kB
Shmem:             13024 kB
Slab:               4636 kB
SReclaimable:        536 kB
SUnreclaim:         4100 kB
KernelStack:         464 kB
PageTables:           76 kB
NFS_Unstable:          0 kB
Bounce:                0 kB
WritebackTmp:          0 kB
CommitLimit:      862308 kB
Committed_AS:      12784 kB
VmallocTotal:     122880 kB
VmallocUsed:           0 kB
VmallocChunk:          0 kB
HugePages_Total:       0
HugePages_Free:        0
HugePages_Rsvd:        0
HugePages_Surp:        0
Hugepagesize:       4096 kB
DirectMap4k:       16376 kB
DirectMap4M:      892928 kB

# cat bus/pci/
00/      03/      17/      b2/      b4/      devices
02/      16/      64/      b3/      b5/
# cat bus/pci/devices 
0000    80862020        0                      0                       0                       0                       0                       0                       0                       0                    0                0                       0                       0                       0                       0                       0
0020    80862021        b               90000004                       0                       0                       0                       0                       0                       0                 4000                0                       0                       0                       0                       0                       0
0021    80862021        a               90004004                       0                       0                       0                       0                       0                       0                 4000                0                       0                       0                       0                       0                       0
0022    80862021        b               90008004                       0                       0                       0                       0                       0                       0                 4000                0                       0                       0                       0                       0                       0
0023    80862021        b               9000c004                       0                       0                       0                       0                       0                       0                 4000                0                       0                       0                       0                       0                       0
0024    80862021        b               90010004                       0                       0                       0                       0                       0                       0                 4000                0                       0                       0                       0                       0                       0
0025    80862021        a               90014004                       0                       0                       0                       0                       0                       0                 4000                0                       0                       0                       0                       0                       0
0026    80862021        b               90018004                       0                       0                       0                       0                       0                       0                 4000                0                       0                       0                       0                       0                       0
0027    80862021        b               9001c004                       0                       0                       0                       0                       0                       0                 4000                0                       0                       0                       0                       0                       0
0028    80862024        0                      0                       0                       0                       0                       0                       0                       0                    0                0                       0                       0                       0                       0                       0
002a    80862025        0                      0                       0                       0                       0                       0                       0                       0                    0                0                       0                       0                       0                       0                       0
002c    80862026        0               aa21a000                       0                       0                       0                       0                       0                       0                 1000                0                       0                       0                       0                       0                       0
0040    80862014        0                      0                       0                       0                       0                       0                       0                       0                    0                0                       0                       0                       0                       0                       0
0041    80862015        0                      0                       0                       0                       0                       0                       0                       0                    0                0                       0                       0                       0                       0                       0
0042    80862016        0                      0                       0                       0                       0                       0                       0                       0                    0                0                       0                       0                       0                       0                       0
0088    8086a1ec        0                      0                       0                       0                       0                       0                       0                       0                    0                0                       0                       0                       0                       0                       0
008d    8086a1d2        b               aa216000                aa219000                    3071                    3061                    3021                aa180000                       0                 2000              100                       8                       4                      20                   80000                       0
00a0    8086a1af        b               aa200004                       0                       0                       0                       0                       0                       0                10000                0                       0                       0                       0                       0                       0
00a2    8086a1b1        b               90020004                       0                       0                       0                       0                       0                       0                 1000                0                       0                       0                       0                       0                       0
00b0    8086a1ba        b               90021004                       0                       0                       0                       0                       0                       0                 1000                0                       0                       0                       0                       0                       0
00b1    8086a1bb        b               90022004                       0                       0                       0                       0                       0                       0                 1000                0                       0                       0                       0                       0                       0
00b4    8086a1be        b               90023004                       0                       0                       0                       0                       0                       0                 1000                0                       0                       0                       0                       0                       0
00b8    8086a182        b               aa214000                aa218000                    3051                    3041                    3001                aa100000                       0                 2000              100                       8                       4                      20                   80000                       0
00e0    8086a190        b                      0                       0                       0                       0                       0                       0                       0                    0                0                       0                       0                       0                       0                       0        pcieport
00e4    8086a194        b                      0                       0                       0                       0                       0                       0                       0                    0                0                       0                       0                       0                       0                       0        pcieport
00f8    8086a1c8        0                      0                       0                       0                       0                       0                       0                       0                    0                0                       0                       0                       0                       0                       0
00fa    8086a1a1        0               aa210000                       0                       0                       0                       0                       0                       0                 4000                0                       0                       0                       0                       0                       0
00fc    8086a1a3        0               aafff004                       0                       0                       0                    3fe1                       0                       0                  100                0                       0                       0                      20                       0                       0        i801_smbus
00fd    8086a1a4        0               fe010000                       0                       0                       0                       0                       0                       0                 1000                0                       0                       0                       0                       0                       0
0200    1a031150        b                      0                       0                       0                       0                       0                       0                       0                    0                0                       0                       0                       0                       0                       0
0300    1a032000        b               a9000000                aa000000                    2001                       0                       0                       0                   c0002              1000000            20000                      80                       0                       0                       0                   20000
1600    80862030        b                      0                       0                       0                       0                       0                       0                       0                    0                0                       0                       0                       0                       0                       0        pcieport
1628    80862034        0                      0                       0                       0                       0                       0                       0                       0                    0                0                       0                       0                       0                       0                       0
162a    80862035        0                      0                       0                       0                       0                       0                       0                       0                    0                0                       0                       0                       0                       0                       0
162c    80862036        0               c5f00000                       0                       0                       0                       0                       0                       0                 1000                0                       0                       0                       0                       0                       0
1640    8086208d        0                      0                       0                       0                       0                       0                       0                       0                    0                0                       0                       0                       0                       0                       0
1641    8086208d        0                      0                       0                       0                       0                       0                       0                       0                    0                0                       0                       0                       0                       0                       0
1642    8086208d        0                      0                       0                       0                       0                       0                       0                       0                    0                0                       0                       0                       0                       0                       0
1643    8086208d        0                      0                       0                       0                       0                       0                       0                       0                    0                0                       0                       0                       0                       0                       0
1644    8086208d        0                      0                       0                       0                       0                       0                       0                       0                    0                0                       0                       0                       0                       0                       0
1645    8086208d        0                      0                       0                       0                       0                       0                       0                       0                    0                0                       0                       0                       0                       0                       0
1646    8086208d        0                      0                       0                       0                       0                       0                       0                       0                    0                0                       0                       0                       0                       0                       0
1647    8086208d        0                      0                       0                       0                       0                       0                       0                       0                    0                0                       0                       0                       0                       0                       0
1648    8086208d        0                      0                       0                       0                       0                       0                       0                       0                    0                0                       0                       0                       0                       0                       0
1649    8086208d        0                      0                       0                       0                       0                       0                       0                       0                    0                0                       0                       0                       0                       0                       0
164a    8086208d        0                      0                       0                       0                       0                       0                       0                       0                    0                0                       0                       0                       0                       0                       0
164b    8086208d        0                      0                       0                       0                       0                       0                       0                       0                    0                0                       0                       0                       0                       0                       0
164c    8086208d        0                      0                       0                       0                       0                       0                       0                       0                    0                0                       0                       0                       0                       0                       0
164d    8086208d        0                      0                       0                       0                       0                       0                       0                       0                    0                0                       0                       0                       0                       0                       0
164e    8086208d        0                      0                       0                       0                       0                       0                       0                       0                    0                0                       0                       0                       0                       0                       0
164f    8086208d        0                      0                       0                       0                       0                       0                       0                       0                    0                0                       0                       0                       0                       0                       0
1650    8086208d        0                      0                       0                       0                       0                       0                       0                       0                    0                0                       0                       0                       0                       0                       0
1651    8086208d        0                      0                       0                       0                       0                       0                       0                       0                    0                0                       0                       0                       0                       0                       0
1670    8086208e        0                      0                       0                       0                       0                       0                       0                       0                    0                0                       0                       0                       0                       0                       0
1671    8086208e        0                      0                       0                       0                       0                       0                       0                       0                    0                0                       0                       0                       0                       0                       0
1672    8086208e        0                      0                       0                       0                       0                       0                       0                       0                    0                0                       0                       0                       0                       0                       0
1673    8086208e        0                      0                       0                       0                       0                       0                       0                       0                    0                0                       0                       0                       0                       0                       0
1674    8086208e        0                      0                       0                       0                       0                       0                       0                       0                    0                0                       0                       0                       0                       0                       0
1675    8086208e        0                      0                       0                       0                       0                       0                       0                       0                    0                0                       0                       0                       0                       0                       0
1676    8086208e        0                      0                       0                       0                       0                       0                       0                       0                    0                0                       0                       0                       0                       0                       0
1677    8086208e        0                      0                       0                       0                       0                       0                       0                       0                    0                0                       0                       0                       0                       0                       0
1678    8086208e        0                      0                       0                       0                       0                       0                       0                       0                    0                0                       0                       0                       0                       0                       0
1679    8086208e        0                      0                       0                       0                       0                       0                       0                       0                    0                0                       0                       0                       0                       0                       0
167a    8086208e        0                      0                       0                       0                       0                       0                       0                       0                    0                0                       0                       0                       0                       0                       0
167b    8086208e        0                      0                       0                       0                       0                       0                       0                       0                    0                0                       0                       0                       0                       0                       0
167c    8086208e        0                      0                       0                       0                       0                       0                       0                       0                    0                0                       0                       0                       0                       0                       0
167d    8086208e        0                      0                       0                       0                       0                       0                       0                       0                    0                0                       0                       0                       0                       0                       0
167e    8086208e        0                      0                       0                       0                       0                       0                       0                       0                    0                0                       0                       0                       0                       0                       0
167f    8086208e        0                      0                       0                       0                       0                       0                       0                       0                    0                0                       0                       0                       0                       0                       0
1680    8086208e        0                      0                       0                       0                       0                       0                       0                       0                    0                0                       0                       0                       0                       0                       0
1681    8086208e        0                      0                       0                       0                       0                       0                       0                       0                    0                0                       0                       0                       0                       0                       0
16e8    80862054        0                      0                       0                       0                       0                       0                       0                       0                    0                0                       0                       0                       0                       0                       0
16e9    80862055        0                      0                       0                       0                       0                       0                       0                       0                    0                0                       0                       0                       0                       0                       0
16ea    80862056        0                      0                       0                       0                       0                       0                       0                       0                    0                0                       0                       0                       0                       0                       0
16eb    80862057        0                      0                       0                       0                       0                       0                       0                       0                    0                0                       0                       0                       0                       0                       0
16f0    80862080        0                      0                       0                       0                       0                       0                       0                       0                    0                0                       0                       0                       0                       0                       0
16f1    80862081        0                      0                       0                       0                       0                       0                       0                       0                    0                0                       0                       0                       0                       0                       0
16f2    80862082        0                      0                       0                       0                       0                       0                       0                       0                    0                0                       0                       0                       0                       0                       0
16f3    80862083        0                      0                       0                       0                       0                       0                       0                       0                    0                0                       0                       0                       0                       0                       0
16f4    80862084        0                      0                       0                       0                       0                       0                       0                       0                    0                0                       0                       0                       0                       0                       0
16f5    80862085        0                      0                       0                       0                       0                       0                       0                       0                    0                0                       0                       0                       0                       0                       0
16f6    80862086        0                      0                       0                       0                       0                       0                       0                       0                    0                0                       0                       0                       0                       0                       0
1700    80861521        b               c5b00000                       0                    7061                c5e0c000                       0                       0                c5d80000               100000                0                      20                    4000                       0                       0                   80000        igb
1701    80861521        a               c5a00000                       0                    7041                c5e08000                       0                       0                c5d00000               100000                0                      20                    4000                       0                       0                   80000        igb
1702    80861521        b               c5900000                       0                    7021                c5e04000                       0                       0                c5c80000               100000                0                      20                    4000                       0                       0                   80000        igb
1703    80861521        b               c5800000                       0                    7001                c5e00000                       0                       0                c5c00000               100000                0                      20                    4000                       0                       0                   80000        igb
6428    80862034        0                      0                       0                       0                       0                       0                       0                       0                    0                0                       0                       0                       0                       0                       0
642a    80862035        0                      0                       0                       0                       0                       0                       0                       0                    0                0                       0                       0                       0                       0                       0
642c    80862036        0               e0f00000                       0                       0                       0                       0                       0                       0                 1000                0                       0                       0                       0                       0                       0
6440    80862066        0                      0                       0                       0                       0                       0                       0                       0                    0                0                       0                       0                       0                       0                       0
6448    80862066        0                      0                       0                       0                       0                       0                       0                       0                    0                0                       0                       0                       0                       0                       0
6450    80862040        0                      0                       0                       0                       0                       0                       0                       0                    0                0                       0                       0                       0                       0                       0
6451    80862041        0                      0                       0                       0                       0                       0                       0                       0                    0                0                       0                       0                       0                       0                       0
6452    80862042        0                      0                       0                       0                       0                       0                       0                       0                    0                0                       0                       0                       0                       0                       0
6453    80862043        0                      0                       0                       0                       0                       0                       0                       0                    0                0                       0                       0                       0                       0                       0
6454    80862044        0                      0                       0                       0                       0                       0                       0                       0                    0                0                       0                       0                       0                       0                       0
6455    80862045        0                      0                       0                       0                       0                       0                       0                       0                    0                0                       0                       0                       0                       0                       0
6456    80862046        0                      0                       0                       0                       0                       0                       0                       0                    0                0                       0                       0                       0                       0                       0
6457    80862047        0                      0                       0                       0                       0                       0                       0                       0                    0                0                       0                       0                       0                       0                       0
6458    80862048        0                      0                       0                       0                       0                       0                       0                       0                    0                0                       0                       0                       0                       0                       0
6459    80862049        0                      0                       0                       0                       0                       0                       0                       0                    0                0                       0                       0                       0                       0                       0
645a    8086204a        0                      0                       0                       0                       0                       0                       0                       0                    0                0                       0                       0                       0                       0                       0
645b    8086204b        0                      0                       0                       0                       0                       0                       0                       0                    0                0                       0                       0                       0                       0                       0
6460    80862040        0                      0                       0                       0                       0                       0                       0                       0                    0                0                       0                       0                       0                       0                       0
6461    80862041        0                      0                       0                       0                       0                       0                       0                       0                    0                0                       0                       0                       0                       0                       0
6462    80862042        0                      0                       0                       0                       0                       0                       0                       0                    0                0                       0                       0                       0                       0                       0
6463    80862043        0                      0                       0                       0                       0                       0                       0                       0                    0                0                       0                       0                       0                       0                       0
6464    80862044        0                      0                       0                       0                       0                       0                       0                       0                    0                0                       0                       0                       0                       0                       0
6465    80862045        0                      0                       0                       0                       0                       0                       0                       0                    0                0                       0                       0                       0                       0                       0
6466    80862046        0                      0                       0                       0                       0                       0                       0                       0                    0                0                       0                       0                       0                       0                       0
6467    80862047        0                      0                       0                       0                       0                       0                       0                       0                    0                0                       0                       0                       0                       0                       0
6468    80862048        0                      0                       0                       0                       0                       0                       0                       0                    0                0                       0                       0                       0                       0                       0
6469    80862049        0                      0                       0                       0                       0                       0                       0                       0                    0                0                       0                       0                       0                       0                       0
646a    8086204a        0                      0                       0                       0                       0                       0                       0                       0                    0                0                       0                       0                       0                       0                       0
646b    8086204b        0                      0                       0                       0                       0                       0                       0                       0                    0                0                       0                       0                       0                       0                       0
b200    80862030        b                      0                       0                       0                       0                       0                       0                       0                    0                0                       0                       0                       0                       0                       0        pcieport
b228    80862034        0                      0                       0                       0                       0                       0                       0                       0                    0                0                       0                       0                       0                       0                       0
b22a    80862035        0                      0                       0                       0                       0                       0                       0                       0                    0                0                       0                       0                       0                       0                       0
b22c    80862036        0               fbf00000                       0                       0                       0                       0                       0                       0                 1000                0                       0                       0                       0                       0                       0
b290    8086204c        0                      0                       0                       0                       0                       0                       0                       0                    0                0                       0                       0                       0                       0                       0
b291    8086204d        0                      0                       0                       0                       0                       0                       0                       0                    0                0                       0                       0                       0                       0                       0
b292    8086204e        0                      0                       0                       0                       0                       0                       0                       0                    0                0                       0                       0                       0                       0                       0
b2a8    80862018        0                      0                       0                       0                       0                       0                       0                       0                    0                0                       0                       0                       0                       0                       0
b2b0    80862018        0                      0                       0                       0                       0                       0                       0                       0                    0                0                       0                       0                       0                       0                       0
b2b4    80862018        0                      0                       0                       0                       0                       0                       0                       0                    0                0                       0                       0                       0                       0                       0
b2b8    80862018        0                      0                       0                       0                       0                       0                       0                       0                    0                0                       0                       0                       0                       0                       0
b300    808637c0        b               fbe00004                       0                       0                       0                       0                       0                fbc00000                20000                0                       0                       0                       0                       0                  100000        pcieport
b418    808637c5        b                      0                       0                       0                       0                       0                       0                       0                    0                0                       0                       0                       0                       0                       0        pcieport
b500    808637d2        b               fa00000c                       0                       0                fb00800c                       0                       0                fbd80000              1000000                0                       0                    8000                       0                       0                   80000        i40e
b501    808637d2        b               f900000c                       0                       0                fb00000c                       0                       0                fbd00000              1000000                0                       0                    8000                       0                       0                   80000        i40e
# 

# cat consoles 
ttyS1                -W- (EC p a)    4:65
netcon0              -W- (E     )

# cat tty/drivers
/dev/tty             /dev/tty        5       0 system:/dev/tty
/dev/console         /dev/console    5       1 system:console
/dev/ptmx            /dev/ptmx       5       2 system
/dev/vc/0            /dev/vc/0       4       0 system:vtmaster
serial               /dev/ttyS       4 64-95 serial
pty_slave            /dev/pts      136 0-1048575 pty:slave
pty_master           /dev/ptm      128 0-1048575 pty:master
unknown              /dev/tty        4 1-63 console

# ip a
1: lo: <LOOPBACK,UP,LOWER_UP> mtu 65536 qdisc noqueue state UNKNOWN group default qlen 1
    link/loopback 00:00:00:00:00:00 brd 00:00:00:00:00:00
    inet 127.0.0.1/8 scope host lo
       valid_lft forever preferred_lft forever
    inet6 ::1/128 scope host 
       valid_lft forever preferred_lft forever
2: ipddp0: <BROADCAST,MULTICAST,NOARP> mtu 585 qdisc noop state DOWN group default qlen 1000
    link/ip/ddp 00:00:00:00:00:00 brd ff:ff:ff:ff:ff:ff
3: eth0: <BROADCAST,MULTICAST> mtu 1500 qdisc noop state DOWN group default qlen 1000
    link/ether 7c:c2:55:6b:c4:d4 brd ff:ff:ff:ff:ff:ff
4: eth1: <BROADCAST,MULTICAST> mtu 1500 qdisc noop state DOWN group default qlen 1000
    link/ether 7c:c2:55:6b:c4:d5 brd ff:ff:ff:ff:ff:ff
5: eth2: <BROADCAST,MULTICAST> mtu 1500 qdisc noop state DOWN group default qlen 1000
    link/ether 7c:c2:55:6b:c4:d6 brd ff:ff:ff:ff:ff:ff
6: eth3: <BROADCAST,MULTICAST> mtu 1500 qdisc noop state DOWN group default qlen 1000
    link/ether 7c:c2:55:6b:c4:d7 brd ff:ff:ff:ff:ff:ff
7: eth4: <BROADCAST,MULTICAST> mtu 1500 qdisc noop state DOWN group default qlen 1000
    link/ether 3c:ec:ef:d2:88:84 brd ff:ff:ff:ff:ff:ff
8: eth5: <BROADCAST,MULTICAST> mtu 1500 qdisc noop state DOWN group default qlen 1000
    link/ether 3c:ec:ef:d2:88:85 brd ff:ff:ff:ff:ff:ff
9: tunl0@NONE: <NOARP> mtu 1480 qdisc noop state DOWN group default qlen 1
    link/ipip 0.0.0.0 brd 0.0.0.0
10: gre0@NONE: <NOARP> mtu 1476 qdisc noop state DOWN group default qlen 1
    link/gre 0.0.0.0 brd 0.0.0.0
11: gretap0@NONE: <BROADCAST,MULTICAST> mtu 1462 qdisc noop state DOWN group default qlen 1000
    link/ether 00:00:00:00:00:00 brd ff:ff:ff:ff:ff:ff
12: ip_vti0@NONE: <NOARP> mtu 1480 qdisc noop state DOWN group default qlen 1
    link/ipip 0.0.0.0 brd 0.0.0.0
13: sit0@NONE: <NOARP> mtu 1480 qdisc noop state DOWN group default qlen 1
    link/sit 0.0.0.0 brd 0.0.0.0
14: ip6tnl0@NONE: <NOARP> mtu 1452 qdisc noop state DOWN group default qlen 1
    link/tunnel6 :: brd ::